{
  "version": "1.5.0",
  "plugins_used": [
    {
      "name": "ArtifactoryDetector"
    },
    {
      "name": "AWSKeyDetector"
    },
    {
      "name": "AzureStorageKeyDetector"
    },
    {
      "name": "Base64HighEntropyString",
      "limit": 4.5
    },
    {
      "name": "BasicAuthDetector"
    },
    {
      "name": "CloudantDetector"
    },
    {
      "name": "DiscordBotTokenDetector"
    },
    {
      "name": "GitHubTokenDetector"
    },
    {
      "name": "GitLabTokenDetector"
    },
    {
      "name": "HexHighEntropyString",
      "limit": 3.0
    },
    {
      "name": "IbmCloudIamDetector"
    },
    {
      "name": "IbmCosHmacDetector"
    },
    {
      "name": "IPPublicDetector"
    },
    {
      "name": "JwtTokenDetector"
    },
    {
      "name": "KeywordDetector",
      "keyword_exclude": ""
    },
    {
      "name": "MailchimpDetector"
    },
    {
      "name": "NpmDetector"
    },
    {
      "name": "OpenAIDetector"
    },
    {
      "name": "PrivateKeyDetector"
    },
    {
      "name": "PypiTokenDetector"
    },
    {
      "name": "SendGridDetector"
    },
    {
      "name": "SlackDetector"
    },
    {
      "name": "SoftlayerDetector"
    },
    {
      "name": "SquareOAuthDetector"
    },
    {
      "name": "StripeDetector"
    },
    {
      "name": "TelegramBotTokenDetector"
    },
    {
      "name": "TwilioKeyDetector"
    }
  ],
  "filters_used": [
    {
      "path": "detect_secrets.filters.allowlist.is_line_allowlisted"
    },
    {
      "path": "detect_secrets.filters.common.is_baseline_file",
      "filename": ".secrets.baseline"
    },
    {
      "path": "detect_secrets.filters.common.is_ignored_due_to_verification_policies",
      "min_level": 2
    },
    {
      "path": "detect_secrets.filters.heuristic.is_indirect_reference"
    },
    {
      "path": "detect_secrets.filters.heuristic.is_likely_id_string"
    },
    {
      "path": "detect_secrets.filters.heuristic.is_lock_file"
    },
    {
      "path": "detect_secrets.filters.heuristic.is_not_alphanumeric_string"
    },
    {
      "path": "detect_secrets.filters.heuristic.is_potential_uuid"
    },
    {
      "path": "detect_secrets.filters.heuristic.is_prefixed_with_dollar_sign"
    },
    {
      "path": "detect_secrets.filters.heuristic.is_sequential_string"
    },
    {
      "path": "detect_secrets.filters.heuristic.is_swagger_file"
    },
    {
      "path": "detect_secrets.filters.heuristic.is_templated_secret"
    }
  ],
  "results": {
    "config/default.yaml": [
      {
        "type": "Secret Keyword",
        "filename": "config/default.yaml",
        "hashed_secret": "f8ca0d7266886f4b5be9adddc9b66017b3bf1a4b",
        "is_verified": false,
        "line_number": 39
      }
    ],
    "docs/developer-guide/testing/integration-test-guide.md": [
      {
        "type": "Secret Keyword",
        "filename": "docs/developer-guide/testing/integration-test-guide.md",
        "hashed_secret": "6be2053f84499e9f8f8b4e6d34ce361e5f7dd25d",
        "is_verified": false,
        "line_number": 677
      },
      {
        "type": "Secret Keyword",
        "filename": "docs/developer-guide/testing/integration-test-guide.md",
        "hashed_secret": "363717ea837196fd5e5df4218169e30003b89c66",
        "is_verified": false,
        "line_number": 678
      }
    ],
    "docs/developer-guide/testing/integration-testing.md": [
      {
        "type": "Secret Keyword",
        "filename": "docs/developer-guide/testing/integration-testing.md",
        "hashed_secret": "6be2053f84499e9f8f8b4e6d34ce361e5f7dd25d",
        "is_verified": false,
        "line_number": 677
      },
      {
        "type": "Secret Keyword",
        "filename": "docs/developer-guide/testing/integration-testing.md",
        "hashed_secret": "363717ea837196fd5e5df4218169e30003b89c66",
        "is_verified": false,
        "line_number": 678
      }
    ],
    "docs/development/security-coding-standards.md": [
      {
        "type": "Secret Keyword",
        "filename": "docs/development/security-coding-standards.md",
        "hashed_secret": "46cececbaed883708018123d36e6e50ce97221f6",
        "is_verified": false,
        "line_number": 490
      }
    ],
    "examples/advanced/environment-specific.yaml": [
      {
        "type": "Basic Auth Credentials",
        "filename": "examples/advanced/environment-specific.yaml",
        "hashed_secret": "5baa61e4c9b93f3f0682250b6cf8331b7ee68fd8",
        "is_verified": false,
        "line_number": 25
      }
    ],
    "examples/configuration-hierarchy/inheritance-example.yaml": [
      {
        "type": "Secret Keyword",
        "filename": "examples/configuration-hierarchy/inheritance-example.yaml",
        "hashed_secret": "2b743ea5699560665032496d957cd8c0075029d5",
        "is_verified": false,
        "line_number": 33
      }
    ],
    "examples/sessions-only/sessions/development/backend.yaml": [
      {
        "type": "Basic Auth Credentials",
        "filename": "examples/sessions-only/sessions/development/backend.yaml",
        "hashed_secret": "afc848c316af1a89d49826c5ae9d00ed769415f3",
        "is_verified": false,
        "line_number": 7
      }
    ],
    "scripts/security_validation_enhanced.py": [
      {
        "type": "Secret Keyword",
        "filename": "scripts/security_validation_enhanced.py",
        "hashed_secret": "1210cdffc1810f2947084bec43397aa36018c6bf",
        "is_verified": false,
        "line_number": 98
      },
      {
        "type": "Secret Keyword",
        "filename": "scripts/security_validation_enhanced.py",
        "hashed_secret": "bc47293d7ae5e60fa03717b9fded6b9b1c1785aa",
        "is_verified": false,
        "line_number": 371
      }
    ],
    "tauri-dashboard/pnpm-lock.yaml": [
      {
        "type": "Base64 High Entropy String",
        "filename": "tauri-dashboard/pnpm-lock.yaml",
        "hashed_secret": "21184ef8dbf5b1c935bac496262f3d4aaccbf1c7",
        "is_verified": false,
        "line_number": 118
      },
      {
        "type": "Base64 High Entropy String",
        "filename": "tauri-dashboard/pnpm-lock.yaml",
        "hashed_secret": "0d490febdcec09589b8abef6ff67f8f9ab2a3de0",
        "is_verified": false,
        "line_number": 122
      },
      {
        "type": "Base64 High Entropy String",
        "filename": "tauri-dashboard/pnpm-lock.yaml",
        "hashed_secret": "a1244f78e589546306c2d8b72504eb0095548268",
        "is_verified": false,
        "line_number": 126
      },
      {
        "type": "Base64 High Entropy String",
        "filename": "tauri-dashboard/pnpm-lock.yaml",
        "hashed_secret": "ba92041b8b57e5f3f7cfda01eca4eb5f863d8230",
        "is_verified": false,
        "line_number": 130
      },
      {
        "type": "Base64 High Entropy String",
        "filename": "tauri-dashboard/pnpm-lock.yaml",
        "hashed_secret": "7543ee65aa0a02783414e8a1dbd3d18c0c3123cc",
        "is_verified": false,
        "line_number": 136
      },
      {
        "type": "Base64 High Entropy String",
        "filename": "tauri-dashboard/pnpm-lock.yaml",
        "hashed_secret": "5cab2cbf14962ddc1d6ed2bfe25898fe4c36dec1",
        "is_verified": false,
        "line_number": 142
      },
      {
        "type": "Base64 High Entropy String",
        "filename": "tauri-dashboard/pnpm-lock.yaml",
        "hashed_secret": "b3ffc344491402f73ea16b1b8718e18833050114",
        "is_verified": false,
        "line_number": 148
      },
      {
        "type": "Base64 High Entropy String",
        "filename": "tauri-dashboard/pnpm-lock.yaml",
        "hashed_secret": "06c952d11f13461da10c7bba057d78cc5fa5e6fb",
        "is_verified": false,
        "line_number": 154
      },
      {
        "type": "Base64 High Entropy String",
        "filename": "tauri-dashboard/pnpm-lock.yaml",
        "hashed_secret": "c2ea7b0b8f40b08e1b89209f677ff5d6a719b60a",
        "is_verified": false,
        "line_number": 160
      },
      {
        "type": "Base64 High Entropy String",
        "filename": "tauri-dashboard/pnpm-lock.yaml",
        "hashed_secret": "8816a15bd9ad8879b3f1823b94fb7c46dd643f17",
        "is_verified": false,
        "line_number": 166
      },
      {
        "type": "Base64 High Entropy String",
        "filename": "tauri-dashboard/pnpm-lock.yaml",
        "hashed_secret": "9836b23edc498bf0925d3e560f0684f6ec75bb9a",
        "is_verified": false,
        "line_number": 172
      },
      {
        "type": "Base64 High Entropy String",
        "filename": "tauri-dashboard/pnpm-lock.yaml",
        "hashed_secret": "f42b2f70ce99e343a262e45315a2c4d27daba270",
        "is_verified": false,
        "line_number": 178
      },
      {
        "type": "Base64 High Entropy String",
        "filename": "tauri-dashboard/pnpm-lock.yaml",
        "hashed_secret": "3e9fc60c601cab29ea7878a0c9688fb6ee925cf9",
        "is_verified": false,
        "line_number": 184
      },
      {
        "type": "Base64 High Entropy String",
        "filename": "tauri-dashboard/pnpm-lock.yaml",
        "hashed_secret": "6b1f54e31a53e3667a97cf3af18a66d1cedec7b8",
        "is_verified": false,
        "line_number": 190
      },
      {
        "type": "Base64 High Entropy String",
        "filename": "tauri-dashboard/pnpm-lock.yaml",
        "hashed_secret": "efbe56870cd191d53ef1e6ac6d40ed5eb4cd01c0",
        "is_verified": false,
        "line_number": 196
      },
      {
        "type": "Base64 High Entropy String",
        "filename": "tauri-dashboard/pnpm-lock.yaml",
        "hashed_secret": "fefbbc2958b5d0546d6507d1aad9bead9ef7e9eb",
        "is_verified": false,
        "line_number": 202
      },
      {
        "type": "Base64 High Entropy String",
        "filename": "tauri-dashboard/pnpm-lock.yaml",
        "hashed_secret": "489f7d6ea770d41978c763f306e573aa9c086e3b",
        "is_verified": false,
        "line_number": 208
      },
      {
        "type": "Base64 High Entropy String",
        "filename": "tauri-dashboard/pnpm-lock.yaml",
        "hashed_secret": "84e33cad738a516642e9e4e00c9910ada2755eb8",
        "is_verified": false,
        "line_number": 214
      },
      {
        "type": "Base64 High Entropy String",
        "filename": "tauri-dashboard/pnpm-lock.yaml",
        "hashed_secret": "0329358e1442ae9c1dd0cfa7884c4cc51c123c7d",
        "is_verified": false,
        "line_number": 220
      },
      {
        "type": "Base64 High Entropy String",
        "filename": "tauri-dashboard/pnpm-lock.yaml",
        "hashed_secret": "5520077e071061b96b1bd30a351f2bb3a52cac50",
        "is_verified": false,
        "line_number": 226
      },
      {
        "type": "Base64 High Entropy String",
        "filename": "tauri-dashboard/pnpm-lock.yaml",
        "hashed_secret": "5fd94d7bc55b700838f7232aa04cd14ce8883702",
        "is_verified": false,
        "line_number": 232
      },
      {
        "type": "Base64 High Entropy String",
        "filename": "tauri-dashboard/pnpm-lock.yaml",
        "hashed_secret": "8c94dfd0dbadd0e968f0e9e175bf5bb4fd2594c0",
        "is_verified": false,
        "line_number": 238
      },
      {
        "type": "Base64 High Entropy String",
        "filename": "tauri-dashboard/pnpm-lock.yaml",
        "hashed_secret": "38e7a2d417fe20d4760873aa7ad041fa74821645",
        "is_verified": false,
        "line_number": 244
      },
      {
        "type": "Base64 High Entropy String",
        "filename": "tauri-dashboard/pnpm-lock.yaml",
        "hashed_secret": "2a46cf814514d8cf3a189ce88b22d30c24baf70a",
        "is_verified": false,
        "line_number": 250
      },
      {
        "type": "Base64 High Entropy String",
        "filename": "tauri-dashboard/pnpm-lock.yaml",
        "hashed_secret": "f13e357a26f9e2972019db90dd8ceb867b494f9c",
        "is_verified": false,
        "line_number": 256
      },
      {
        "type": "Base64 High Entropy String",
        "filename": "tauri-dashboard/pnpm-lock.yaml",
        "hashed_secret": "35ecb49473bd3c2a84f86fcae2c69e255bdcd843",
        "is_verified": false,
        "line_number": 262
      },
      {
        "type": "Base64 High Entropy String",
        "filename": "tauri-dashboard/pnpm-lock.yaml",
        "hashed_secret": "b62ae999218390b924a5304938e497fd61ec4e66",
        "is_verified": false,
        "line_number": 268
      },
      {
        "type": "Base64 High Entropy String",
        "filename": "tauri-dashboard/pnpm-lock.yaml",
        "hashed_secret": "a196aa7fdefe7efaee31e48dc0c7f6a41ecbfcd4",
        "is_verified": false,
        "line_number": 272
      },
      {
        "type": "Base64 High Entropy String",
        "filename": "tauri-dashboard/pnpm-lock.yaml",
        "hashed_secret": "9d1b9dbec9f048e048f4dd38591947ca7deff5dd",
        "is_verified": false,
        "line_number": 275
      },
      {
        "type": "Base64 High Entropy String",
        "filename": "tauri-dashboard/pnpm-lock.yaml",
        "hashed_secret": "5a3d24ddb9a57291642d9f14b359aa07d1576b70",
        "is_verified": false,
        "line_number": 279
      },
      {
        "type": "Base64 High Entropy String",
        "filename": "tauri-dashboard/pnpm-lock.yaml",
        "hashed_secret": "225de439b8c4d5be631752993f476cb5557c8034",
        "is_verified": false,
        "line_number": 282
      },
      {
        "type": "Base64 High Entropy String",
        "filename": "tauri-dashboard/pnpm-lock.yaml",
        "hashed_secret": "0fdc2ad18c69100d4319d879e205ce3fb7c03c94",
        "is_verified": false,
        "line_number": 285
      },
      {
        "type": "Base64 High Entropy String",
        "filename": "tauri-dashboard/pnpm-lock.yaml",
        "hashed_secret": "9a1373fb8bc6343a2626079c5c977463daea3541",
        "is_verified": false,
        "line_number": 288
      },
      {
        "type": "Base64 High Entropy String",
        "filename": "tauri-dashboard/pnpm-lock.yaml",
        "hashed_secret": "e768776e74a3cb5645d538a9bd074c78e7fb52b3",
        "is_verified": false,
        "line_number": 292
      },
      {
        "type": "Base64 High Entropy String",
        "filename": "tauri-dashboard/pnpm-lock.yaml",
        "hashed_secret": "150a1608ffd7395d510860bc11f1b69b49ff015a",
        "is_verified": false,
        "line_number": 296
      },
      {
        "type": "Base64 High Entropy String",
        "filename": "tauri-dashboard/pnpm-lock.yaml",
        "hashed_secret": "e5ed3aaf020139ed3c93a2981e9978ae74d9b7da",
        "is_verified": false,
        "line_number": 300
      },
      {
        "type": "Base64 High Entropy String",
        "filename": "tauri-dashboard/pnpm-lock.yaml",
        "hashed_secret": "be9f24635e32f68141a9ae50e377a146bdc3fda5",
        "is_verified": false,
        "line_number": 304
      },
      {
        "type": "Base64 High Entropy String",
        "filename": "tauri-dashboard/pnpm-lock.yaml",
        "hashed_secret": "bcb82578fa8e86968c7019febdeab3965c19ff41",
        "is_verified": false,
        "line_number": 308
      },
      {
        "type": "Base64 High Entropy String",
        "filename": "tauri-dashboard/pnpm-lock.yaml",
        "hashed_secret": "ade7160bbb553f2eb7718cd2be7e55f15e41b222",
        "is_verified": false,
        "line_number": 311
      },
      {
        "type": "Base64 High Entropy String",
        "filename": "tauri-dashboard/pnpm-lock.yaml",
        "hashed_secret": "10a130d3307e8336b7439d9ab866c99123ee4a40",
        "is_verified": false,
        "line_number": 316
      },
      {
        "type": "Base64 High Entropy String",
        "filename": "tauri-dashboard/pnpm-lock.yaml",
        "hashed_secret": "d382d2a84f32a735802ae804bac3a9899b8b5ac2",
        "is_verified": false,
        "line_number": 321
      },
      {
        "type": "Base64 High Entropy String",
        "filename": "tauri-dashboard/pnpm-lock.yaml",
        "hashed_secret": "0300e57d62efa19d516fce57a1bca7893cbd3df8",
        "is_verified": false,
        "line_number": 326
      },
      {
        "type": "Base64 High Entropy String",
        "filename": "tauri-dashboard/pnpm-lock.yaml",
        "hashed_secret": "cabef321a82a0ecd994c14fbba4bee4361be8e25",
        "is_verified": false,
        "line_number": 331
      },
      {
        "type": "Base64 High Entropy String",
        "filename": "tauri-dashboard/pnpm-lock.yaml",
        "hashed_secret": "c37edafe5622b4aa89e4c491bd2a4d5e333ba0e7",
        "is_verified": false,
        "line_number": 336
      },
      {
        "type": "Base64 High Entropy String",
        "filename": "tauri-dashboard/pnpm-lock.yaml",
        "hashed_secret": "f9d5f21f55622e4c0664592e9d3acf43ffc3c159",
        "is_verified": false,
        "line_number": 341
      },
      {
        "type": "Base64 High Entropy String",
        "filename": "tauri-dashboard/pnpm-lock.yaml",
        "hashed_secret": "6f6b46a238c4eaaa65808304d0a73cdf4f353785",
        "is_verified": false,
        "line_number": 346
      },
      {
        "type": "Base64 High Entropy String",
        "filename": "tauri-dashboard/pnpm-lock.yaml",
        "hashed_secret": "879dae17a3ed9244db311cee325298503b52bf57",
        "is_verified": false,
        "line_number": 351
      },
      {
        "type": "Base64 High Entropy String",
        "filename": "tauri-dashboard/pnpm-lock.yaml",
        "hashed_secret": "7166f1c68731522eff21ba5cb92f4ab5b4a73c2d",
        "is_verified": false,
        "line_number": 356
      },
      {
        "type": "Base64 High Entropy String",
        "filename": "tauri-dashboard/pnpm-lock.yaml",
        "hashed_secret": "fe28d3c94a957fe8b4067c5b54ed062e3fcfa2df",
        "is_verified": false,
        "line_number": 361
      },
      {
        "type": "Base64 High Entropy String",
        "filename": "tauri-dashboard/pnpm-lock.yaml",
        "hashed_secret": "9c238daa753249378b6f746ef8508a9282def7df",
        "is_verified": false,
        "line_number": 366
      },
      {
        "type": "Base64 High Entropy String",
        "filename": "tauri-dashboard/pnpm-lock.yaml",
        "hashed_secret": "d0932a9fbdcd99ef3acfe94c3f3dda1114bf5bc8",
        "is_verified": false,
        "line_number": 371
      },
      {
        "type": "Base64 High Entropy String",
        "filename": "tauri-dashboard/pnpm-lock.yaml",
        "hashed_secret": "6d4f46a1717e261164574e8e57c46302d5da79bc",
        "is_verified": false,
        "line_number": 376
      },
      {
        "type": "Base64 High Entropy String",
        "filename": "tauri-dashboard/pnpm-lock.yaml",
        "hashed_secret": "10c3d95bb0de8ced537c36d2c0e0ef7f5d05b6ad",
        "is_verified": false,
        "line_number": 381
      },
      {
        "type": "Base64 High Entropy String",
        "filename": "tauri-dashboard/pnpm-lock.yaml",
        "hashed_secret": "ad9c208b8f80f4945df91a78607cb039a3069d73",
        "is_verified": false,
        "line_number": 386
      },
      {
        "type": "Base64 High Entropy String",
        "filename": "tauri-dashboard/pnpm-lock.yaml",
        "hashed_secret": "ec3f63f72a8d5ed4050792f8b40934b9ad0dc99b",
        "is_verified": false,
        "line_number": 391
      },
      {
        "type": "Base64 High Entropy String",
        "filename": "tauri-dashboard/pnpm-lock.yaml",
        "hashed_secret": "2a982dd16083a98241d0030fc29e234c6a7a96db",
        "is_verified": false,
        "line_number": 396
      },
      {
        "type": "Base64 High Entropy String",
        "filename": "tauri-dashboard/pnpm-lock.yaml",
        "hashed_secret": "0186f92f04863881c8991b9bf6604f089a0ae832",
        "is_verified": false,
        "line_number": 401
      },
      {
        "type": "Base64 High Entropy String",
        "filename": "tauri-dashboard/pnpm-lock.yaml",
        "hashed_secret": "3eac0ad5e02d846fdc4c4cba41b2d259f9363191",
        "is_verified": false,
        "line_number": 406
      },
      {
        "type": "Base64 High Entropy String",
        "filename": "tauri-dashboard/pnpm-lock.yaml",
        "hashed_secret": "eb9df6538f192eaf2078f19a92907c27e22a5d01",
        "is_verified": false,
        "line_number": 411
      },
      {
        "type": "Base64 High Entropy String",
        "filename": "tauri-dashboard/pnpm-lock.yaml",
        "hashed_secret": "806e1d713732b566f4b70c12756833e21187c5c2",
        "is_verified": false,
        "line_number": 414
      },
      {
        "type": "Base64 High Entropy String",
        "filename": "tauri-dashboard/pnpm-lock.yaml",
        "hashed_secret": "a9963d064434cd75947126ed2a5cb2417686c291",
        "is_verified": false,
        "line_number": 419
      },
      {
        "type": "Base64 High Entropy String",
        "filename": "tauri-dashboard/pnpm-lock.yaml",
        "hashed_secret": "fddf6faa26e6b0bd3deb78c31ef0723736a0cfae",
        "is_verified": false,
        "line_number": 424
      },
      {
        "type": "Base64 High Entropy String",
        "filename": "tauri-dashboard/pnpm-lock.yaml",
        "hashed_secret": "2013289bcfa0d7de6837a6070572df439f529088",
        "is_verified": false,
        "line_number": 433
      },
      {
        "type": "Base64 High Entropy String",
        "filename": "tauri-dashboard/pnpm-lock.yaml",
        "hashed_secret": "07ce92467fc75f9f10d913eed6a91008faf946c9",
        "is_verified": false,
        "line_number": 441
      },
      {
        "type": "Base64 High Entropy String",
        "filename": "tauri-dashboard/pnpm-lock.yaml",
        "hashed_secret": "3aa0642e82775f26d48a9e26e0731c0bfd16ba53",
        "is_verified": false,
        "line_number": 448
      },
      {
        "type": "Base64 High Entropy String",
        "filename": "tauri-dashboard/pnpm-lock.yaml",
        "hashed_secret": "7d2a9673974c64b375d995ca649fcb1b8fa49926",
        "is_verified": false,
        "line_number": 453
      },
      {
        "type": "Base64 High Entropy String",
        "filename": "tauri-dashboard/pnpm-lock.yaml",
        "hashed_secret": "bf91f901e2821623e1a34ae027ed19f6854aef31",
        "is_verified": false,
        "line_number": 457
      },
      {
        "type": "Base64 High Entropy String",
        "filename": "tauri-dashboard/pnpm-lock.yaml",
        "hashed_secret": "59645a6f40204bc6b478af0799c9604e2254ee4f",
        "is_verified": false,
        "line_number": 460
      },
      {
        "type": "Base64 High Entropy String",
        "filename": "tauri-dashboard/pnpm-lock.yaml",
        "hashed_secret": "9ccfb20f138b24c4570e55618e40682720931b60",
        "is_verified": false,
        "line_number": 466
      },
      {
        "type": "Base64 High Entropy String",
        "filename": "tauri-dashboard/pnpm-lock.yaml",
        "hashed_secret": "968739908c8afc971bb4e6860b0dddd7777bc581",
        "is_verified": false,
        "line_number": 472
      },
      {
        "type": "Base64 High Entropy String",
        "filename": "tauri-dashboard/pnpm-lock.yaml",
        "hashed_secret": "5716ff8d5a977a471d9be735c133c18799d2ff79",
        "is_verified": false,
        "line_number": 478
      },
      {
        "type": "Base64 High Entropy String",
        "filename": "tauri-dashboard/pnpm-lock.yaml",
        "hashed_secret": "a9bb13a3a78479c263e3d3b349e06f9a7eb161db",
        "is_verified": false,
        "line_number": 484
      },
      {
        "type": "Base64 High Entropy String",
        "filename": "tauri-dashboard/pnpm-lock.yaml",
        "hashed_secret": "0450fbf361993858f1a92b88c7ec5a352220979c",
        "is_verified": false,
        "line_number": 490
      },
      {
        "type": "Base64 High Entropy String",
        "filename": "tauri-dashboard/pnpm-lock.yaml",
        "hashed_secret": "7ba88805a01bb3c59129354a9e126575e8dad2ba",
        "is_verified": false,
        "line_number": 496
      },
      {
        "type": "Base64 High Entropy String",
        "filename": "tauri-dashboard/pnpm-lock.yaml",
        "hashed_secret": "602748822a0a46c9fba10f05abd898c69cfc62a7",
        "is_verified": false,
        "line_number": 502
      },
      {
        "type": "Base64 High Entropy String",
        "filename": "tauri-dashboard/pnpm-lock.yaml",
        "hashed_secret": "a2d950803d7f9a5685a7ef6f1e0d2b89dcfecd12",
        "is_verified": false,
        "line_number": 508
      },
      {
        "type": "Base64 High Entropy String",
        "filename": "tauri-dashboard/pnpm-lock.yaml",
        "hashed_secret": "46481dfad84daa096f8fd06b8b43eb5aa7360a56",
        "is_verified": false,
        "line_number": 514
      },
      {
        "type": "Base64 High Entropy String",
        "filename": "tauri-dashboard/pnpm-lock.yaml",
        "hashed_secret": "943ab204d8868b6eaef42ef8534eb2a3f07bdddf",
        "is_verified": false,
        "line_number": 520
      },
      {
        "type": "Base64 High Entropy String",
        "filename": "tauri-dashboard/pnpm-lock.yaml",
        "hashed_secret": "c67fbf8d2028d9c731eb9317efce89ccc91e1e0a",
        "is_verified": false,
        "line_number": 525
      },
      {
        "type": "Base64 High Entropy String",
        "filename": "tauri-dashboard/pnpm-lock.yaml",
        "hashed_secret": "242f26ff27f245f71609894bd64f63feb4e4040b",
        "is_verified": false,
        "line_number": 528
      },
      {
        "type": "Base64 High Entropy String",
        "filename": "tauri-dashboard/pnpm-lock.yaml",
        "hashed_secret": "b12ce1057b41d0d8f07977de26139a24e65b12a6",
        "is_verified": false,
        "line_number": 531
      },
      {
        "type": "Base64 High Entropy String",
        "filename": "tauri-dashboard/pnpm-lock.yaml",
        "hashed_secret": "679c86b8b8102c4f59f082861f7153bbff1c302f",
        "is_verified": false,
        "line_number": 534
      },
      {
        "type": "Base64 High Entropy String",
        "filename": "tauri-dashboard/pnpm-lock.yaml",
        "hashed_secret": "8f7078b941b0c422ed7d2b71a8eeec584b26c85d",
        "is_verified": false,
        "line_number": 537
      },
      {
        "type": "Base64 High Entropy String",
        "filename": "tauri-dashboard/pnpm-lock.yaml",
        "hashed_secret": "b70e5de9bb948e7b610f4630c08929d8c6de5a7c",
        "is_verified": false,
        "line_number": 540
      },
      {
        "type": "Base64 High Entropy String",
        "filename": "tauri-dashboard/pnpm-lock.yaml",
        "hashed_secret": "8736366f5f93c2407716a62c93c8cd885c50f08d",
        "is_verified": false,
        "line_number": 543
      },
      {
        "type": "Base64 High Entropy String",
        "filename": "tauri-dashboard/pnpm-lock.yaml",
        "hashed_secret": "ee467c04a4f38d68d8a5a5fc367c934838e079da",
        "is_verified": false,
        "line_number": 546
      },
      {
        "type": "Base64 High Entropy String",
        "filename": "tauri-dashboard/pnpm-lock.yaml",
        "hashed_secret": "904dae7e3147870781ad476afdbc281061d76e62",
        "is_verified": false,
        "line_number": 549
      },
      {
        "type": "Base64 High Entropy String",
        "filename": "tauri-dashboard/pnpm-lock.yaml",
        "hashed_secret": "2ce6b1685de05b33e12de57b72df8736b1b604fd",
        "is_verified": false,
        "line_number": 552
      },
      {
        "type": "Base64 High Entropy String",
        "filename": "tauri-dashboard/pnpm-lock.yaml",
        "hashed_secret": "a991eba051b5b8ff1ffaff339bb29f6ba022fc1b",
        "is_verified": false,
        "line_number": 555
      },
      {
        "type": "Base64 High Entropy String",
        "filename": "tauri-dashboard/pnpm-lock.yaml",
        "hashed_secret": "30dff6e111c0a18b53cc71da853bac87f73a816c",
        "is_verified": false,
        "line_number": 558
      },
      {
        "type": "Base64 High Entropy String",
        "filename": "tauri-dashboard/pnpm-lock.yaml",
        "hashed_secret": "35ca90e5fa9b87427a5ff8b3f333a7b7d45fc260",
        "is_verified": false,
        "line_number": 563
      },
      {
        "type": "Base64 High Entropy String",
        "filename": "tauri-dashboard/pnpm-lock.yaml",
        "hashed_secret": "5cf5cffaf791e9c3efd3e28c76c335d69df09aa2",
        "is_verified": false,
        "line_number": 567
      },
      {
        "type": "Base64 High Entropy String",
        "filename": "tauri-dashboard/pnpm-lock.yaml",
        "hashed_secret": "d15b82853a984c45aab87399878c98082bac85ba",
        "is_verified": false,
        "line_number": 571
      },
      {
        "type": "Base64 High Entropy String",
        "filename": "tauri-dashboard/pnpm-lock.yaml",
        "hashed_secret": "e18dbe67238cfe0349177bd2fc9a70a93e4c2f12",
        "is_verified": false,
        "line_number": 575
      },
      {
        "type": "Base64 High Entropy String",
        "filename": "tauri-dashboard/pnpm-lock.yaml",
        "hashed_secret": "7277b236bc60020a5471623a1d1b550b8126ead9",
        "is_verified": false,
        "line_number": 579
      },
      {
        "type": "Base64 High Entropy String",
        "filename": "tauri-dashboard/pnpm-lock.yaml",
        "hashed_secret": "69508e9f25ead6b12c7a762c93b2a5b9cb587d60",
        "is_verified": false,
        "line_number": 582
      },
      {
        "type": "Base64 High Entropy String",
        "filename": "tauri-dashboard/pnpm-lock.yaml",
        "hashed_secret": "178361f52e4efe85fbcfbaad0a817b012c64be5d",
        "is_verified": false,
        "line_number": 586
      },
      {
        "type": "Base64 High Entropy String",
        "filename": "tauri-dashboard/pnpm-lock.yaml",
        "hashed_secret": "b8434babdebe87a28a32c342a9ed215e5fe43378",
        "is_verified": false,
        "line_number": 589
      },
      {
        "type": "Base64 High Entropy String",
        "filename": "tauri-dashboard/pnpm-lock.yaml",
        "hashed_secret": "4f9ca841aeb6fd5f8e147135c04c7351eda0145e",
        "is_verified": false,
        "line_number": 593
      },
      {
        "type": "Base64 High Entropy String",
        "filename": "tauri-dashboard/pnpm-lock.yaml",
        "hashed_secret": "4a6acdb47bbd22c85e10baf5921ddbb3c09a787b",
        "is_verified": false,
        "line_number": 600
      },
      {
        "type": "Base64 High Entropy String",
        "filename": "tauri-dashboard/pnpm-lock.yaml",
        "hashed_secret": "5b7cd7946ca5e56496386ea38016606310bfcf03",
        "is_verified": false,
        "line_number": 604
      },
      {
        "type": "Base64 High Entropy String",
        "filename": "tauri-dashboard/pnpm-lock.yaml",
        "hashed_secret": "6218cfe8ba1d7ca732ab6609d9fac82f424d34db",
        "is_verified": false,
        "line_number": 607
      },
      {
        "type": "Base64 High Entropy String",
        "filename": "tauri-dashboard/pnpm-lock.yaml",
        "hashed_secret": "f83c0e1722151b136004f1e67d507feb727e52f6",
        "is_verified": false,
        "line_number": 611
      },
      {
        "type": "Base64 High Entropy String",
        "filename": "tauri-dashboard/pnpm-lock.yaml",
        "hashed_secret": "301ec28c85c9d136ed8b90c2defb08d2d1dc6dc0",
        "is_verified": false,
        "line_number": 614
      },
      {
        "type": "Base64 High Entropy String",
        "filename": "tauri-dashboard/pnpm-lock.yaml",
        "hashed_secret": "4cd454d960136b7b4f74cca3c12010ff2ebd7663",
        "is_verified": false,
        "line_number": 617
      },
      {
        "type": "Base64 High Entropy String",
        "filename": "tauri-dashboard/pnpm-lock.yaml",
        "hashed_secret": "dad826b2c4bc3775574e99029492dd1b75ef7b62",
        "is_verified": false,
        "line_number": 621
      },
      {
        "type": "Base64 High Entropy String",
        "filename": "tauri-dashboard/pnpm-lock.yaml",
        "hashed_secret": "bdfa81b25b20a6978efd55b08c5d507d82fb13ed",
        "is_verified": false,
        "line_number": 625
      },
      {
        "type": "Base64 High Entropy String",
        "filename": "tauri-dashboard/pnpm-lock.yaml",
        "hashed_secret": "76fcffecba09c4a04ca679d14ad756d488aff0c3",
        "is_verified": false,
        "line_number": 630
      },
      {
        "type": "Base64 High Entropy String",
        "filename": "tauri-dashboard/pnpm-lock.yaml",
        "hashed_secret": "72a386badd2497d383a1d9f68dd07100acca97e1",
        "is_verified": false,
        "line_number": 634
      },
      {
        "type": "Base64 High Entropy String",
        "filename": "tauri-dashboard/pnpm-lock.yaml",
        "hashed_secret": "6e8ba9fc5cf554a032049b02509328944ba32abc",
        "is_verified": false,
        "line_number": 638
      },
      {
        "type": "Base64 High Entropy String",
        "filename": "tauri-dashboard/pnpm-lock.yaml",
        "hashed_secret": "5e5e944819f9ed1defbf3b9cf387214fb2f04d61",
        "is_verified": false,
        "line_number": 641
      },
      {
        "type": "Base64 High Entropy String",
        "filename": "tauri-dashboard/pnpm-lock.yaml",
        "hashed_secret": "86487ec88ab6f6ea1034c196ade8944f608f3210",
        "is_verified": false,
        "line_number": 645
      },
      {
        "type": "Base64 High Entropy String",
        "filename": "tauri-dashboard/pnpm-lock.yaml",
        "hashed_secret": "a161aeb02103c35aa9edc92105f2c6d06353d946",
        "is_verified": false,
        "line_number": 649
      },
      {
        "type": "Base64 High Entropy String",
        "filename": "tauri-dashboard/pnpm-lock.yaml",
        "hashed_secret": "4116283da073d4ab654db7f17a1325f7d331e9c5",
        "is_verified": false,
        "line_number": 655
      },
      {
        "type": "Base64 High Entropy String",
        "filename": "tauri-dashboard/pnpm-lock.yaml",
        "hashed_secret": "43e69c85090264b5501c0964aaa3d048ee08fd37",
        "is_verified": false,
        "line_number": 659
      },
      {
        "type": "Base64 High Entropy String",
        "filename": "tauri-dashboard/pnpm-lock.yaml",
        "hashed_secret": "5974b42acc3c558a08c734a45a10785534b5d382",
        "is_verified": false,
        "line_number": 663
      },
      {
        "type": "Base64 High Entropy String",
        "filename": "tauri-dashboard/pnpm-lock.yaml",
        "hashed_secret": "4ed49acfbd180533265d2099f3043963c4a24443",
        "is_verified": false,
        "line_number": 667
      },
      {
        "type": "Base64 High Entropy String",
        "filename": "tauri-dashboard/pnpm-lock.yaml",
        "hashed_secret": "428e72f71455a785963f1df5f85c26c6d6ae519b",
        "is_verified": false,
        "line_number": 671
      },
      {
        "type": "Base64 High Entropy String",
        "filename": "tauri-dashboard/pnpm-lock.yaml",
        "hashed_secret": "14f7b9701b0db90fc803d73c82e43a4d7f457065",
        "is_verified": false,
        "line_number": 674
      },
      {
        "type": "Base64 High Entropy String",
        "filename": "tauri-dashboard/pnpm-lock.yaml",
        "hashed_secret": "98da97093cff2b0693b2f8ccc5b7e74758ae9f3e",
        "is_verified": false,
        "line_number": 678
      },
      {
        "type": "Base64 High Entropy String",
        "filename": "tauri-dashboard/pnpm-lock.yaml",
        "hashed_secret": "1470e51f93e54760922e541165c4dea30c83b9e4",
        "is_verified": false,
        "line_number": 681
      },
      {
        "type": "Base64 High Entropy String",
        "filename": "tauri-dashboard/pnpm-lock.yaml",
        "hashed_secret": "d14c025cdfbb0c5edd72b57b1b558c00fe5451b3",
        "is_verified": false,
        "line_number": 686
      },
      {
        "type": "Base64 High Entropy String",
        "filename": "tauri-dashboard/pnpm-lock.yaml",
        "hashed_secret": "862951cd71d0412b5e52bae3e952725486a655b0",
        "is_verified": false,
        "line_number": 690
      },
      {
        "type": "Base64 High Entropy String",
        "filename": "tauri-dashboard/pnpm-lock.yaml",
        "hashed_secret": "4b256190b83f7eba147c93f11347cd20d6b7b97d",
        "is_verified": false,
        "line_number": 694
      },
      {
        "type": "Base64 High Entropy String",
        "filename": "tauri-dashboard/pnpm-lock.yaml",
        "hashed_secret": "99cb01a94916f4b1a4cd94d7c866029a9e3734ee",
        "is_verified": false,
        "line_number": 697
      },
      {
        "type": "Base64 High Entropy String",
        "filename": "tauri-dashboard/pnpm-lock.yaml",
        "hashed_secret": "24ed1ac1a3103b467fc62f0e2181166f727998b2",
        "is_verified": false,
        "line_number": 702
      },
      {
        "type": "Base64 High Entropy String",
        "filename": "tauri-dashboard/pnpm-lock.yaml",
        "hashed_secret": "cb160c0fa67ad1904f0157c03f6acdc648e14c29",
        "is_verified": false,
        "line_number": 706
      },
      {
        "type": "Base64 High Entropy String",
        "filename": "tauri-dashboard/pnpm-lock.yaml",
        "hashed_secret": "d7df03c04920f03f01f8b40c877fc25a56a9ee19",
        "is_verified": false,
        "line_number": 710
      },
      {
        "type": "Base64 High Entropy String",
        "filename": "tauri-dashboard/pnpm-lock.yaml",
        "hashed_secret": "0648eae8d4fb533908b8beb9eace610b07c305e3",
        "is_verified": false,
        "line_number": 714
      },
      {
        "type": "Base64 High Entropy String",
        "filename": "tauri-dashboard/pnpm-lock.yaml",
        "hashed_secret": "91f1d14f5c42035f88d9326dba1ab34a390de763",
        "is_verified": false,
        "line_number": 718
      },
      {
        "type": "Base64 High Entropy String",
        "filename": "tauri-dashboard/pnpm-lock.yaml",
        "hashed_secret": "bf1d6785d64c573898e6f002e2118df315a3fe8c",
        "is_verified": false,
        "line_number": 722
      },
      {
        "type": "Base64 High Entropy String",
        "filename": "tauri-dashboard/pnpm-lock.yaml",
        "hashed_secret": "615111c758dde1f8cbc15fe1e655610e0da5a417",
        "is_verified": false,
        "line_number": 726
      },
      {
        "type": "Base64 High Entropy String",
        "filename": "tauri-dashboard/pnpm-lock.yaml",
        "hashed_secret": "20a2abce8debc1b0a34db8be8bdec759c03470a5",
        "is_verified": false,
        "line_number": 730
      },
      {
        "type": "Base64 High Entropy String",
        "filename": "tauri-dashboard/pnpm-lock.yaml",
        "hashed_secret": "64a1e3b17b6fe4e477f67655772adfb9a8f0685b",
        "is_verified": false,
        "line_number": 734
      },
      {
        "type": "Base64 High Entropy String",
        "filename": "tauri-dashboard/pnpm-lock.yaml",
        "hashed_secret": "6fda01208150a243793161253f72c8414d962259",
        "is_verified": false,
        "line_number": 738
      },
      {
        "type": "Base64 High Entropy String",
        "filename": "tauri-dashboard/pnpm-lock.yaml",
        "hashed_secret": "4423dfc560a62966f2e9b32052a6872fed946737",
        "is_verified": false,
        "line_number": 742
      },
      {
        "type": "Base64 High Entropy String",
        "filename": "tauri-dashboard/pnpm-lock.yaml",
        "hashed_secret": "efde2de89be9751c3f5ba6eef72ec684690ba3aa",
        "is_verified": false,
        "line_number": 746
      },
      {
        "type": "Base64 High Entropy String",
        "filename": "tauri-dashboard/pnpm-lock.yaml",
        "hashed_secret": "c0c7aeed5e5a888b2aa3cdb739955fd27d25335e",
        "is_verified": false,
        "line_number": 755
      },
      {
        "type": "Base64 High Entropy String",
        "filename": "tauri-dashboard/pnpm-lock.yaml",
        "hashed_secret": "cb1af61551a38453e4170e66d2e650f3e18061fe",
        "is_verified": false,
        "line_number": 759
      },
      {
        "type": "Base64 High Entropy String",
        "filename": "tauri-dashboard/pnpm-lock.yaml",
        "hashed_secret": "ef16712bd212f8e7b5ef02d05aebe84924cc057a",
        "is_verified": false,
        "line_number": 763
      },
      {
        "type": "Base64 High Entropy String",
        "filename": "tauri-dashboard/pnpm-lock.yaml",
        "hashed_secret": "54ba87139d0c5207289a923783130268d213e835",
        "is_verified": false,
        "line_number": 766
      },
      {
        "type": "Base64 High Entropy String",
        "filename": "tauri-dashboard/pnpm-lock.yaml",
        "hashed_secret": "ce902c3f0a9a8a8f20ec7378275b70f836e0b402",
        "is_verified": false,
        "line_number": 769
      },
      {
        "type": "Base64 High Entropy String",
        "filename": "tauri-dashboard/pnpm-lock.yaml",
        "hashed_secret": "da3e732bacfbc1b6e5ac2ec23fd153c53622b4bf",
        "is_verified": false,
        "line_number": 772
      },
      {
        "type": "Base64 High Entropy String",
        "filename": "tauri-dashboard/pnpm-lock.yaml",
        "hashed_secret": "93733709c974f6bfb78e9e9715beb471fe432123",
        "is_verified": false,
        "line_number": 775
      },
      {
        "type": "Base64 High Entropy String",
        "filename": "tauri-dashboard/pnpm-lock.yaml",
        "hashed_secret": "fc7b2f07f919c3f8e20aa78a1756d2bcca252fb9",
        "is_verified": false,
        "line_number": 778
      },
      {
        "type": "Base64 High Entropy String",
        "filename": "tauri-dashboard/pnpm-lock.yaml",
        "hashed_secret": "b3e321bc2eec51aaeb743b17220649f3d43443bf",
        "is_verified": false,
        "line_number": 781
      },
      {
        "type": "Base64 High Entropy String",
        "filename": "tauri-dashboard/pnpm-lock.yaml",
        "hashed_secret": "86f1a89f0a4c144b62324d1cf8f64758cd8b5f64",
        "is_verified": false,
        "line_number": 784
      },
      {
        "type": "Base64 High Entropy String",
        "filename": "tauri-dashboard/pnpm-lock.yaml",
        "hashed_secret": "508e13818451655db815826a00fe15a68b7481b7",
        "is_verified": false,
        "line_number": 787
      },
      {
        "type": "Base64 High Entropy String",
        "filename": "tauri-dashboard/pnpm-lock.yaml",
        "hashed_secret": "3cb8e7a708267691af8530db673cae1ad0578392",
        "is_verified": false,
        "line_number": 792
      },
      {
        "type": "Base64 High Entropy String",
        "filename": "tauri-dashboard/pnpm-lock.yaml",
        "hashed_secret": "4a1a266072e5f401e1aa928a9bf6d94bfeab4806",
        "is_verified": false,
        "line_number": 796
      },
      {
        "type": "Base64 High Entropy String",
        "filename": "tauri-dashboard/pnpm-lock.yaml",
        "hashed_secret": "d1c9f9da56221a465f49d6aaa7ad842498ccdf5f",
        "is_verified": false,
        "line_number": 799
      },
      {
        "type": "Base64 High Entropy String",
        "filename": "tauri-dashboard/pnpm-lock.yaml",
        "hashed_secret": "b58ece1a23c6b414412378abceafd8549e609789",
        "is_verified": false,
        "line_number": 802
      },
      {
        "type": "Base64 High Entropy String",
        "filename": "tauri-dashboard/pnpm-lock.yaml",
        "hashed_secret": "131affd1a3c100326e3837cc3a3daeddb8d9f1d4",
        "is_verified": false,
        "line_number": 806
      },
      {
        "type": "Base64 High Entropy String",
        "filename": "tauri-dashboard/pnpm-lock.yaml",
        "hashed_secret": "a12ae282ce5c351ca57ebcbeb36ef4d6d56aa22e",
        "is_verified": false,
        "line_number": 809
      },
      {
        "type": "Base64 High Entropy String",
        "filename": "tauri-dashboard/pnpm-lock.yaml",
        "hashed_secret": "7c235e480345a8563b9b7348d8b568bd51bf3814",
        "is_verified": false,
        "line_number": 812
      },
      {
        "type": "Base64 High Entropy String",
        "filename": "tauri-dashboard/pnpm-lock.yaml",
        "hashed_secret": "3aa0faf721de27687f7be4cc9ed4e61c745e6e44",
        "is_verified": false,
        "line_number": 816
      },
      {
        "type": "Base64 High Entropy String",
        "filename": "tauri-dashboard/pnpm-lock.yaml",
        "hashed_secret": "c53a12e9d025e4a06da4523b43f6538eedd9d04f",
        "is_verified": false,
        "line_number": 820
      },
      {
        "type": "Base64 High Entropy String",
        "filename": "tauri-dashboard/pnpm-lock.yaml",
        "hashed_secret": "373831427f7199408d11295085894b997d8537cf",
        "is_verified": false,
        "line_number": 823
      },
      {
        "type": "Base64 High Entropy String",
        "filename": "tauri-dashboard/pnpm-lock.yaml",
        "hashed_secret": "d950cd8ef510429f57fb282e4a437321ca86158c",
        "is_verified": false,
        "line_number": 826
      },
      {
        "type": "Base64 High Entropy String",
        "filename": "tauri-dashboard/pnpm-lock.yaml",
        "hashed_secret": "e7f54899a1654525fbfb1d8c3ac44d632f655af1",
        "is_verified": false,
        "line_number": 831
      },
      {
        "type": "Base64 High Entropy String",
        "filename": "tauri-dashboard/pnpm-lock.yaml",
        "hashed_secret": "184476d985c0d799b82544165cb4d456129f594c",
        "is_verified": false,
        "line_number": 834
      },
      {
        "type": "Base64 High Entropy String",
        "filename": "tauri-dashboard/pnpm-lock.yaml",
        "hashed_secret": "371ca38e7acde2cb9e7c1a8bea0355722ff047cf",
        "is_verified": false,
        "line_number": 838
      },
      {
        "type": "Base64 High Entropy String",
        "filename": "tauri-dashboard/pnpm-lock.yaml",
        "hashed_secret": "89345a033a4ecac54d56210d7fb9533fddc58490",
        "is_verified": false,
        "line_number": 842
      },
      {
        "type": "Base64 High Entropy String",
        "filename": "tauri-dashboard/pnpm-lock.yaml",
        "hashed_secret": "ccf610151dd8c560eb61b9ef96d18395c2f89499",
        "is_verified": false,
        "line_number": 846
      },
      {
        "type": "Base64 High Entropy String",
        "filename": "tauri-dashboard/pnpm-lock.yaml",
        "hashed_secret": "c82d951d495ea37952ebb0f3fe072f69f8b0f685",
        "is_verified": false,
        "line_number": 850
      },
      {
        "type": "Base64 High Entropy String",
        "filename": "tauri-dashboard/pnpm-lock.yaml",
        "hashed_secret": "1e074256695d27dc0bea46d8da0b7d078ac360b9",
        "is_verified": false,
        "line_number": 854
      },
      {
        "type": "Base64 High Entropy String",
        "filename": "tauri-dashboard/pnpm-lock.yaml",
        "hashed_secret": "086b47ff4b09d5daf48fc11a12842df114051a64",
        "is_verified": false,
        "line_number": 857
      },
      {
        "type": "Base64 High Entropy String",
        "filename": "tauri-dashboard/pnpm-lock.yaml",
        "hashed_secret": "f52c08f63289414b8da2ea1271f68c9e1d6338ea",
        "is_verified": false,
        "line_number": 861
      },
      {
        "type": "Base64 High Entropy String",
        "filename": "tauri-dashboard/pnpm-lock.yaml",
        "hashed_secret": "41e520378cd188868d9d2d6408c080f6fd5b37c9",
        "is_verified": false,
        "line_number": 865
      },
      {
        "type": "Base64 High Entropy String",
        "filename": "tauri-dashboard/pnpm-lock.yaml",
        "hashed_secret": "cf09cb791688fe019284bfdc362abc41918645a5",
        "is_verified": false,
        "line_number": 869
      },
      {
        "type": "Base64 High Entropy String",
        "filename": "tauri-dashboard/pnpm-lock.yaml",
        "hashed_secret": "16eded55a99600a3cf9b11d791983819c7846ba1",
        "is_verified": false,
        "line_number": 872
      },
      {
        "type": "Base64 High Entropy String",
        "filename": "tauri-dashboard/pnpm-lock.yaml",
        "hashed_secret": "3c22fe71719555d5e4c508c724ee1c9a9728d8a1",
        "is_verified": false,
        "line_number": 876
      },
      {
        "type": "Base64 High Entropy String",
        "filename": "tauri-dashboard/pnpm-lock.yaml",
        "hashed_secret": "86b823e63205b55fc703755bdb60b699ad07c39d",
        "is_verified": false,
        "line_number": 880
      },
      {
        "type": "Base64 High Entropy String",
        "filename": "tauri-dashboard/pnpm-lock.yaml",
        "hashed_secret": "e9ce08fb0922eb7b6fd8078a79f948726b9b756e",
        "is_verified": false,
        "line_number": 884
      },
      {
        "type": "Base64 High Entropy String",
        "filename": "tauri-dashboard/pnpm-lock.yaml",
        "hashed_secret": "d5ec021cbb92c3486e38fac176f4f59a6c1d92e8",
        "is_verified": false,
        "line_number": 888
      },
      {
        "type": "Base64 High Entropy String",
        "filename": "tauri-dashboard/pnpm-lock.yaml",
        "hashed_secret": "0168f03d6f1748d5d7ae624a93f711333b69d01c",
        "is_verified": false,
        "line_number": 892
      },
      {
        "type": "Base64 High Entropy String",
        "filename": "tauri-dashboard/pnpm-lock.yaml",
        "hashed_secret": "8f95bdf43361cffe6720264f402b5636239f6367",
        "is_verified": false,
        "line_number": 896
      },
      {
        "type": "Base64 High Entropy String",
        "filename": "tauri-dashboard/pnpm-lock.yaml",
        "hashed_secret": "aea3a2f0dd7f8e8655ed2e6cf823ce09d0d537a4",
        "is_verified": false,
        "line_number": 900
      },
      {
        "type": "Base64 High Entropy String",
        "filename": "tauri-dashboard/pnpm-lock.yaml",
        "hashed_secret": "4e5e279b264f80f6302507f3bc02028118a5381f",
        "is_verified": false,
        "line_number": 903
      },
      {
        "type": "Base64 High Entropy String",
        "filename": "tauri-dashboard/pnpm-lock.yaml",
        "hashed_secret": "f8e1856295ecbf3d0c5b858e3d6fb63209e97f03",
        "is_verified": false,
        "line_number": 906
      },
      {
        "type": "Base64 High Entropy String",
        "filename": "tauri-dashboard/pnpm-lock.yaml",
        "hashed_secret": "06fc1513db655acfa08e82ec8b69826755e1f305",
        "is_verified": false,
        "line_number": 909
      },
      {
        "type": "Base64 High Entropy String",
        "filename": "tauri-dashboard/pnpm-lock.yaml",
        "hashed_secret": "74c6778d90507aa5b96f9aa8ace227ae46079c3d",
        "is_verified": false,
        "line_number": 913
      },
      {
        "type": "Base64 High Entropy String",
        "filename": "tauri-dashboard/pnpm-lock.yaml",
        "hashed_secret": "5ca14e34f1ca97b3207356816b44c42445f02180",
        "is_verified": false,
        "line_number": 917
      },
      {
        "type": "Base64 High Entropy String",
        "filename": "tauri-dashboard/pnpm-lock.yaml",
        "hashed_secret": "1e94f147d0d24999498d3527047accfcd7cd2402",
        "is_verified": false,
        "line_number": 921
      },
      {
        "type": "Base64 High Entropy String",
        "filename": "tauri-dashboard/pnpm-lock.yaml",
        "hashed_secret": "3e2f7beb6f6a2204eb1ca56ae8ca7e9602ad13f3",
        "is_verified": false,
        "line_number": 924
      },
      {
        "type": "Base64 High Entropy String",
        "filename": "tauri-dashboard/pnpm-lock.yaml",
        "hashed_secret": "d87f84437387d4602c3788698973837e59c7e87a",
        "is_verified": false,
        "line_number": 927
      },
      {
        "type": "Base64 High Entropy String",
        "filename": "tauri-dashboard/pnpm-lock.yaml",
        "hashed_secret": "3096c8a9e57262c8b5d3ca42a6105e1981f09d0a",
        "is_verified": false,
        "line_number": 930
      },
      {
        "type": "Base64 High Entropy String",
        "filename": "tauri-dashboard/pnpm-lock.yaml",
        "hashed_secret": "f30db3965cfaf45c216038e7ce454d23be9c08b4",
        "is_verified": false,
        "line_number": 933
      },
      {
        "type": "Base64 High Entropy String",
        "filename": "tauri-dashboard/pnpm-lock.yaml",
        "hashed_secret": "e9fdc3025cd10bd8aa4508611e6b7b7a9d650a2c",
        "is_verified": false,
        "line_number": 936
      },
      {
        "type": "Base64 High Entropy String",
        "filename": "tauri-dashboard/pnpm-lock.yaml",
        "hashed_secret": "87aff3c6c2e4719c7c068c625dc5c6bb833ab411",
        "is_verified": false,
        "line_number": 939
      },
      {
        "type": "Base64 High Entropy String",
        "filename": "tauri-dashboard/pnpm-lock.yaml",
        "hashed_secret": "23203d9eff7c2ed014d66244847682c55850aec6",
        "is_verified": false,
        "line_number": 942
      },
      {
        "type": "Base64 High Entropy String",
        "filename": "tauri-dashboard/pnpm-lock.yaml",
        "hashed_secret": "b7cf84d3c812dcfffd10cf5c60962cecb5cf1924",
        "is_verified": false,
        "line_number": 947
      },
      {
        "type": "Base64 High Entropy String",
        "filename": "tauri-dashboard/pnpm-lock.yaml",
        "hashed_secret": "73f99321c1d31c19b059d58bf503320edb5ca0b8",
        "is_verified": false,
        "line_number": 950
      },
      {
        "type": "Base64 High Entropy String",
        "filename": "tauri-dashboard/pnpm-lock.yaml",
        "hashed_secret": "81a165cc6dfc1c5b2a498fefdd6a0774232063b9",
        "is_verified": false,
        "line_number": 954
      },
      {
        "type": "Base64 High Entropy String",
        "filename": "tauri-dashboard/pnpm-lock.yaml",
        "hashed_secret": "06c654850ce93559d42fd5f657cbee6c4d9b47c5",
        "is_verified": false,
        "line_number": 958
      },
      {
        "type": "Base64 High Entropy String",
        "filename": "tauri-dashboard/pnpm-lock.yaml",
        "hashed_secret": "b701486290777985572bdf83321be59eee7cd0c6",
        "is_verified": false,
        "line_number": 962
      },
      {
        "type": "Base64 High Entropy String",
        "filename": "tauri-dashboard/pnpm-lock.yaml",
        "hashed_secret": "b230837c24f19045e3d6c0eb0413db8650788a23",
        "is_verified": false,
        "line_number": 965
      },
      {
        "type": "Base64 High Entropy String",
        "filename": "tauri-dashboard/pnpm-lock.yaml",
        "hashed_secret": "8ac8e759308be486fa9eb1fcadf99defd39eab96",
        "is_verified": false,
        "line_number": 969
      },
      {
        "type": "Base64 High Entropy String",
        "filename": "tauri-dashboard/pnpm-lock.yaml",
        "hashed_secret": "0430ef838f88b8c253f36d7c2c5e9da6b30310b7",
        "is_verified": false,
        "line_number": 972
      },
      {
        "type": "Base64 High Entropy String",
        "filename": "tauri-dashboard/pnpm-lock.yaml",
        "hashed_secret": "80680b81f6b3e3841084764eb5c2429e671a9b84",
        "is_verified": false,
        "line_number": 976
      },
      {
        "type": "Base64 High Entropy String",
        "filename": "tauri-dashboard/pnpm-lock.yaml",
        "hashed_secret": "1229dc2178fd4b24f6dcb957dbdc4dd4f592e26f",
        "is_verified": false,
        "line_number": 980
      },
      {
        "type": "Base64 High Entropy String",
        "filename": "tauri-dashboard/pnpm-lock.yaml",
        "hashed_secret": "aa2add0e083112de14c80fd8d81ec606de67ee43",
        "is_verified": false,
        "line_number": 984
      },
      {
        "type": "Base64 High Entropy String",
        "filename": "tauri-dashboard/pnpm-lock.yaml",
        "hashed_secret": "805d9656080308c11cde7cb7f0310e12c7e60c48",
        "is_verified": false,
        "line_number": 988
      },
      {
        "type": "Base64 High Entropy String",
        "filename": "tauri-dashboard/pnpm-lock.yaml",
        "hashed_secret": "0b71f251dce97cc8c0879562a464e3e95411019e",
        "is_verified": false,
        "line_number": 991
      },
      {
        "type": "Base64 High Entropy String",
        "filename": "tauri-dashboard/pnpm-lock.yaml",
        "hashed_secret": "ca13874532c9df50a570a36576667e2bbd4383bc",
        "is_verified": false,
        "line_number": 994
      },
      {
        "type": "Base64 High Entropy String",
        "filename": "tauri-dashboard/pnpm-lock.yaml",
        "hashed_secret": "5070050f027bc287db5e216263c4c337f9381f75",
        "is_verified": false,
        "line_number": 999
      },
      {
        "type": "Base64 High Entropy String",
        "filename": "tauri-dashboard/pnpm-lock.yaml",
        "hashed_secret": "0a68e003e521d8b996e1c07b3b5b2664de31fa44",
        "is_verified": false,
        "line_number": 1002
      },
      {
        "type": "Base64 High Entropy String",
        "filename": "tauri-dashboard/pnpm-lock.yaml",
        "hashed_secret": "7de59f662d7b267325ed23d6f2e9237530304d27",
        "is_verified": false,
        "line_number": 1006
      },
      {
        "type": "Base64 High Entropy String",
        "filename": "tauri-dashboard/pnpm-lock.yaml",
        "hashed_secret": "bfa89e1607d2248db3523f241a0e9eb543cd0061",
        "is_verified": false,
        "line_number": 1010
      },
      {
        "type": "Base64 High Entropy String",
        "filename": "tauri-dashboard/pnpm-lock.yaml",
        "hashed_secret": "985185388fe2a81d7d30564b103c1d5671af7fc2",
        "is_verified": false,
        "line_number": 1014
      },
      {
        "type": "Base64 High Entropy String",
        "filename": "tauri-dashboard/pnpm-lock.yaml",
        "hashed_secret": "38c97b06ca380ec6b537fb959634cd6042e47cea",
        "is_verified": false,
        "line_number": 1018
      },
      {
        "type": "Base64 High Entropy String",
        "filename": "tauri-dashboard/pnpm-lock.yaml",
        "hashed_secret": "55159cc007aeaf5fbf0746c70b85d9ddc16db6dd",
        "is_verified": false,
        "line_number": 1021
      },
      {
        "type": "Base64 High Entropy String",
        "filename": "tauri-dashboard/pnpm-lock.yaml",
        "hashed_secret": "1b6d7df51b5d3b60d36200961a9cc1885619e96b",
        "is_verified": false,
        "line_number": 1024
      },
      {
        "type": "Base64 High Entropy String",
        "filename": "tauri-dashboard/pnpm-lock.yaml",
        "hashed_secret": "61ff5c8a702d8ffe28063c06487a3a5a0db2ed70",
        "is_verified": false,
        "line_number": 1028
      },
      {
        "type": "Base64 High Entropy String",
        "filename": "tauri-dashboard/pnpm-lock.yaml",
        "hashed_secret": "e159739ed2c59133b3d3012a0a2e1aa4dab506c8",
        "is_verified": false,
        "line_number": 1032
      },
      {
        "type": "Base64 High Entropy String",
        "filename": "tauri-dashboard/pnpm-lock.yaml",
        "hashed_secret": "6942521514db424f66a46a086146c8d65db76a9c",
        "is_verified": false,
        "line_number": 1035
      },
      {
        "type": "Base64 High Entropy String",
        "filename": "tauri-dashboard/pnpm-lock.yaml",
        "hashed_secret": "4439cc784aca22e5cdf33ed6656f5b8b99eaa44d",
        "is_verified": false,
        "line_number": 1039
      },
      {
        "type": "Base64 High Entropy String",
        "filename": "tauri-dashboard/pnpm-lock.yaml",
        "hashed_secret": "1ac881fcbb09fad5c8b422aa517c10f8aae9c8b0",
        "is_verified": false,
        "line_number": 1042
      },
      {
        "type": "Base64 High Entropy String",
        "filename": "tauri-dashboard/pnpm-lock.yaml",
        "hashed_secret": "df98ab59d267c0f604757eb30efd5f4b1e6503d4",
        "is_verified": false,
        "line_number": 1046
      },
      {
        "type": "Base64 High Entropy String",
        "filename": "tauri-dashboard/pnpm-lock.yaml",
        "hashed_secret": "dabcefa910bca0b7a0a6e2ee5b8ba0afef580da4",
        "is_verified": false,
        "line_number": 1050
      },
      {
        "type": "Base64 High Entropy String",
        "filename": "tauri-dashboard/pnpm-lock.yaml",
        "hashed_secret": "a31cf580b37a1b65d4d0486b65649b34011762b0",
        "is_verified": false,
        "line_number": 1054
      },
      {
        "type": "Base64 High Entropy String",
        "filename": "tauri-dashboard/pnpm-lock.yaml",
        "hashed_secret": "b69e3cf138ecd2a58316ee023bdc687d572dd9e8",
        "is_verified": false,
        "line_number": 1060
      },
      {
        "type": "Base64 High Entropy String",
        "filename": "tauri-dashboard/pnpm-lock.yaml",
        "hashed_secret": "bf74a1e32c8e698224b6cc118bc38bb3c8ece59c",
        "is_verified": false,
        "line_number": 1066
      },
      {
        "type": "Base64 High Entropy String",
        "filename": "tauri-dashboard/pnpm-lock.yaml",
        "hashed_secret": "98cfc88c41acb04d6ec27abde34442bb401d46ea",
        "is_verified": false,
        "line_number": 1078
      },
      {
        "type": "Base64 High Entropy String",
        "filename": "tauri-dashboard/pnpm-lock.yaml",
        "hashed_secret": "5b189a85028bdd8e9efea153b06dc2bf302ba6e0",
        "is_verified": false,
        "line_number": 1084
      },
      {
        "type": "Base64 High Entropy String",
        "filename": "tauri-dashboard/pnpm-lock.yaml",
        "hashed_secret": "6837669fa4a52e6a4797406432b3fc91f3b2fdca",
        "is_verified": false,
        "line_number": 1088
      },
      {
        "type": "Base64 High Entropy String",
        "filename": "tauri-dashboard/pnpm-lock.yaml",
        "hashed_secret": "157e5b0c4ac544ad1a995d6414e4dd539af39aa3",
        "is_verified": false,
        "line_number": 1092
      },
      {
        "type": "Base64 High Entropy String",
        "filename": "tauri-dashboard/pnpm-lock.yaml",
        "hashed_secret": "e4d0457c3771bd19a2db30ce4295cc025189392e",
        "is_verified": false,
        "line_number": 1095
      },
      {
        "type": "Base64 High Entropy String",
        "filename": "tauri-dashboard/pnpm-lock.yaml",
        "hashed_secret": "6c8698ec180cb58d9c2baa683e3a57c1eb18e2f3",
        "is_verified": false,
        "line_number": 1099
      },
      {
        "type": "Base64 High Entropy String",
        "filename": "tauri-dashboard/pnpm-lock.yaml",
        "hashed_secret": "68fc429cdef15b95e7216be802013b2add02f744",
        "is_verified": false,
        "line_number": 1102
      },
      {
        "type": "Base64 High Entropy String",
        "filename": "tauri-dashboard/pnpm-lock.yaml",
        "hashed_secret": "9dff9e9fd2f6eeeb815eb9db94eff6248259ba16",
        "is_verified": false,
        "line_number": 1105
      },
      {
        "type": "Base64 High Entropy String",
        "filename": "tauri-dashboard/pnpm-lock.yaml",
        "hashed_secret": "3c48660b66db6687c2ba1b7ffbac279614eead6e",
        "is_verified": false,
        "line_number": 1109
      },
      {
        "type": "Base64 High Entropy String",
        "filename": "tauri-dashboard/pnpm-lock.yaml",
        "hashed_secret": "f72dad6ae2b24fb3760f4f621858dca3ff565e36",
        "is_verified": false,
        "line_number": 1113
      },
      {
        "type": "Base64 High Entropy String",
        "filename": "tauri-dashboard/pnpm-lock.yaml",
        "hashed_secret": "19a998b1bf7031d19515cd35f049a7a6aa7dd1b3",
        "is_verified": false,
        "line_number": 1118
      },
      {
        "type": "Base64 High Entropy String",
        "filename": "tauri-dashboard/pnpm-lock.yaml",
        "hashed_secret": "61fe73786601f140670a91202612ceb7c5baa2d6",
        "is_verified": false,
        "line_number": 1122
      },
      {
        "type": "Base64 High Entropy String",
        "filename": "tauri-dashboard/pnpm-lock.yaml",
        "hashed_secret": "bb5face70daa68b8847622a4c8ee9e114e14622d",
        "is_verified": false,
        "line_number": 1127
      },
      {
        "type": "Base64 High Entropy String",
        "filename": "tauri-dashboard/pnpm-lock.yaml",
        "hashed_secret": "dba7a636ef0b7f00cb8c1cfce617db1201444012",
        "is_verified": false,
        "line_number": 1132
      },
      {
        "type": "Base64 High Entropy String",
        "filename": "tauri-dashboard/pnpm-lock.yaml",
        "hashed_secret": "22b1769808826c0186be14a609a58e9dec5d27c2",
        "is_verified": false,
        "line_number": 1135
      },
      {
        "type": "Base64 High Entropy String",
        "filename": "tauri-dashboard/pnpm-lock.yaml",
        "hashed_secret": "7e42e0804bd25c31e53b2f0871fa2b3551dc66d9",
        "is_verified": false,
        "line_number": 1138
      },
      {
        "type": "Base64 High Entropy String",
        "filename": "tauri-dashboard/pnpm-lock.yaml",
        "hashed_secret": "064d6d08fd699e0e8b51ecb86d87be88bafffa26",
        "is_verified": false,
        "line_number": 1142
      },
      {
        "type": "Base64 High Entropy String",
        "filename": "tauri-dashboard/pnpm-lock.yaml",
        "hashed_secret": "38d576c30351a2efa51a1370871d95af3a753e72",
        "is_verified": false,
        "line_number": 1145
      },
      {
        "type": "Base64 High Entropy String",
        "filename": "tauri-dashboard/pnpm-lock.yaml",
        "hashed_secret": "49a5a40ec6db62abee8ccb9a19c8ead008fc4eac",
        "is_verified": false,
        "line_number": 1150
      },
      {
        "type": "Base64 High Entropy String",
        "filename": "tauri-dashboard/pnpm-lock.yaml",
        "hashed_secret": "3b7990b0f82bc9bc6c4ec02744f9c02e76aac827",
        "is_verified": false,
        "line_number": 1153
      },
      {
        "type": "Base64 High Entropy String",
        "filename": "tauri-dashboard/pnpm-lock.yaml",
        "hashed_secret": "9072ebcbad57a1ae4256c5ae37c1e7c7ae5325de",
        "is_verified": false,
        "line_number": 1157
      },
      {
        "type": "Base64 High Entropy String",
        "filename": "tauri-dashboard/pnpm-lock.yaml",
        "hashed_secret": "6cde4d63fd59b79253833e7cbd14ffe586b4862d",
        "is_verified": false,
        "line_number": 1161
      },
      {
        "type": "Base64 High Entropy String",
        "filename": "tauri-dashboard/pnpm-lock.yaml",
        "hashed_secret": "e0c6ae09dd70fa25056d591ada0ad32df0dfe873",
        "is_verified": false,
        "line_number": 1165
      },
      {
        "type": "Base64 High Entropy String",
        "filename": "tauri-dashboard/pnpm-lock.yaml",
        "hashed_secret": "4fe764eb10e490cef2af60c6c7a6532dd0215e9d",
        "is_verified": false,
        "line_number": 1169
      },
      {
        "type": "Base64 High Entropy String",
        "filename": "tauri-dashboard/pnpm-lock.yaml",
        "hashed_secret": "4801911b0c388e4ba338036e5cf8a02fad37b50c",
        "is_verified": false,
        "line_number": 1173
      },
      {
        "type": "Base64 High Entropy String",
        "filename": "tauri-dashboard/pnpm-lock.yaml",
        "hashed_secret": "336d02c1e7195c5237197b5884304099ab15c6ba",
        "is_verified": false,
        "line_number": 1177
      },
      {
        "type": "Base64 High Entropy String",
        "filename": "tauri-dashboard/pnpm-lock.yaml",
        "hashed_secret": "d93b5f103bdc374e860067102a98ea2838002958",
        "is_verified": false,
        "line_number": 1181
      },
      {
        "type": "Base64 High Entropy String",
        "filename": "tauri-dashboard/pnpm-lock.yaml",
        "hashed_secret": "bdaf8b094715fef6fc9d26c411bc0f51e1f4d6bd",
        "is_verified": false,
        "line_number": 1184
      },
      {
        "type": "Base64 High Entropy String",
        "filename": "tauri-dashboard/pnpm-lock.yaml",
        "hashed_secret": "d4f8d980c943fb306089e921db8c8afd41e8a906",
        "is_verified": false,
        "line_number": 1188
      },
      {
        "type": "Base64 High Entropy String",
        "filename": "tauri-dashboard/pnpm-lock.yaml",
        "hashed_secret": "4c8a960439864672cef22edf28a40c8a3749ed68",
        "is_verified": false,
        "line_number": 1192
      },
      {
        "type": "Base64 High Entropy String",
        "filename": "tauri-dashboard/pnpm-lock.yaml",
        "hashed_secret": "2764e31835af219e01a144b32b3088b583d0b142",
        "is_verified": false,
        "line_number": 1196
      },
      {
        "type": "Base64 High Entropy String",
        "filename": "tauri-dashboard/pnpm-lock.yaml",
        "hashed_secret": "bd781c148f26d1f4846c44ad3eb29636a326b436",
        "is_verified": false,
        "line_number": 1200
      },
      {
        "type": "Base64 High Entropy String",
        "filename": "tauri-dashboard/pnpm-lock.yaml",
        "hashed_secret": "546a79c3e2d14c1f13c370d744a3757f836fe1b5",
        "is_verified": false,
        "line_number": 1204
      },
      {
        "type": "Base64 High Entropy String",
        "filename": "tauri-dashboard/pnpm-lock.yaml",
        "hashed_secret": "69e4418b2ffb487c86b50465bb7a8dd539577c3f",
        "is_verified": false,
        "line_number": 1209
      },
      {
        "type": "Base64 High Entropy String",
        "filename": "tauri-dashboard/pnpm-lock.yaml",
        "hashed_secret": "869a40b729083c41268e4ff73da71ad253b63821",
        "is_verified": false,
        "line_number": 1213
      },
      {
        "type": "Base64 High Entropy String",
        "filename": "tauri-dashboard/pnpm-lock.yaml",
        "hashed_secret": "b5ff241f1dfeac7af202ffcfa8df6b14badc21d5",
        "is_verified": false,
        "line_number": 1217
      },
      {
        "type": "Base64 High Entropy String",
        "filename": "tauri-dashboard/pnpm-lock.yaml",
        "hashed_secret": "54ccc766099fd309de85ef45f8bdf7f300402ecd",
        "is_verified": false,
        "line_number": 1221
      },
      {
        "type": "Base64 High Entropy String",
        "filename": "tauri-dashboard/pnpm-lock.yaml",
        "hashed_secret": "ef765658f9e03baf4c6ec0c4ae327319faf79f14",
        "is_verified": false,
        "line_number": 1227
      },
      {
        "type": "Base64 High Entropy String",
        "filename": "tauri-dashboard/pnpm-lock.yaml",
        "hashed_secret": "b848ea67c04bd60975b196aa1db4471fa90181d6",
        "is_verified": false,
        "line_number": 1233
      },
      {
        "type": "Base64 High Entropy String",
        "filename": "tauri-dashboard/pnpm-lock.yaml",
        "hashed_secret": "7043994b29fc9758006194ffadcee0d2a87ff0d5",
        "is_verified": false,
        "line_number": 1270
      },
      {
        "type": "Base64 High Entropy String",
        "filename": "tauri-dashboard/pnpm-lock.yaml",
        "hashed_secret": "4a5aa09add65ca557f0b48ea2a23e4f7c8320e82",
        "is_verified": false,
        "line_number": 1274
      },
      {
        "type": "Base64 High Entropy String",
        "filename": "tauri-dashboard/pnpm-lock.yaml",
        "hashed_secret": "2cb5b9f6443249aa68b40b28591255745def6b89",
        "is_verified": false,
        "line_number": 1279
      },
      {
        "type": "Base64 High Entropy String",
        "filename": "tauri-dashboard/pnpm-lock.yaml",
        "hashed_secret": "ff38528f4ba7ae788e34ce04ce2b8c83d9fbaed9",
        "is_verified": false,
        "line_number": 1283
      },
      {
        "type": "Base64 High Entropy String",
        "filename": "tauri-dashboard/pnpm-lock.yaml",
        "hashed_secret": "36a41bfa336a40f390233bcb3edba75b423c0ac5",
        "is_verified": false,
        "line_number": 1286
      },
      {
        "type": "Base64 High Entropy String",
        "filename": "tauri-dashboard/pnpm-lock.yaml",
        "hashed_secret": "c2cfd88522dc79c5d1764af80e11fb966935bee0",
        "is_verified": false,
        "line_number": 1290
      },
      {
        "type": "Base64 High Entropy String",
        "filename": "tauri-dashboard/pnpm-lock.yaml",
        "hashed_secret": "e524ce9b00c97b38b4e9aace540ecf2b9fd6d27d",
        "is_verified": false,
        "line_number": 1294
      },
      {
        "type": "Base64 High Entropy String",
        "filename": "tauri-dashboard/pnpm-lock.yaml",
        "hashed_secret": "b1bf45193c44e282561612073f10ee0080d34233",
        "is_verified": false,
        "line_number": 1298
      },
      {
        "type": "Base64 High Entropy String",
        "filename": "tauri-dashboard/pnpm-lock.yaml",
        "hashed_secret": "9bf200e3147a1d837839d6bf5b649716c1537cbb",
        "is_verified": false,
        "line_number": 1301
      },
      {
        "type": "Base64 High Entropy String",
        "filename": "tauri-dashboard/pnpm-lock.yaml",
        "hashed_secret": "56034273bc4e0d8253af113d543716093bed91d0",
        "is_verified": false,
        "line_number": 1304
      },
      {
        "type": "Base64 High Entropy String",
        "filename": "tauri-dashboard/pnpm-lock.yaml",
        "hashed_secret": "7c43a5a81cdfc2d174e64e7441e07b48f610be0e",
        "is_verified": false,
        "line_number": 1309
      },
      {
        "type": "Base64 High Entropy String",
        "filename": "tauri-dashboard/pnpm-lock.yaml",
        "hashed_secret": "9eaf006db1f782b8da68c3ae97eae05f36c62973",
        "is_verified": false,
        "line_number": 1312
      },
      {
        "type": "Base64 High Entropy String",
        "filename": "tauri-dashboard/pnpm-lock.yaml",
        "hashed_secret": "735bd20202e59e618bfe941a5941731da477e7b6",
        "is_verified": false,
        "line_number": 1318
      },
      {
        "type": "Base64 High Entropy String",
        "filename": "tauri-dashboard/pnpm-lock.yaml",
        "hashed_secret": "e9929bd50a5523f3ee0cf35a8fd80c06bc43cc50",
        "is_verified": false,
        "line_number": 1321
      },
      {
        "type": "Base64 High Entropy String",
        "filename": "tauri-dashboard/pnpm-lock.yaml",
        "hashed_secret": "913aab2f760f7109e975e3c9955d5e833664ae16",
        "is_verified": false,
        "line_number": 1325
      },
      {
        "type": "Base64 High Entropy String",
        "filename": "tauri-dashboard/pnpm-lock.yaml",
        "hashed_secret": "502899ca953a9c85f4c2cb798ffbf39c17e3b85c",
        "is_verified": false,
        "line_number": 1330
      },
      {
        "type": "Base64 High Entropy String",
        "filename": "tauri-dashboard/pnpm-lock.yaml",
        "hashed_secret": "93ed645edc3dde1a6c83c490112043b2ec5b7d33",
        "is_verified": false,
        "line_number": 1361
      },
      {
        "type": "Base64 High Entropy String",
        "filename": "tauri-dashboard/pnpm-lock.yaml",
        "hashed_secret": "b82733cca109d82b294b1d899bdd27418b7a403f",
        "is_verified": false,
        "line_number": 1369
      },
      {
        "type": "Base64 High Entropy String",
        "filename": "tauri-dashboard/pnpm-lock.yaml",
        "hashed_secret": "f0257d02d23f53e799476af74cf0386375d4b6c2",
        "is_verified": false,
        "line_number": 1372
      },
      {
        "type": "Base64 High Entropy String",
        "filename": "tauri-dashboard/pnpm-lock.yaml",
        "hashed_secret": "47f61db9968d9147373f9919fb2d39f044af96d4",
        "is_verified": false,
        "line_number": 1377
      },
      {
        "type": "Base64 High Entropy String",
        "filename": "tauri-dashboard/pnpm-lock.yaml",
        "hashed_secret": "c1907fc992b0e961b0c622ff8cd91edc36456c2a",
        "is_verified": false,
        "line_number": 1381
      },
      {
        "type": "Base64 High Entropy String",
        "filename": "tauri-dashboard/pnpm-lock.yaml",
        "hashed_secret": "c1a38efe10a08cb343b44ec85e4f991fa64e0dc8",
        "is_verified": false,
        "line_number": 1385
      },
      {
        "type": "Base64 High Entropy String",
        "filename": "tauri-dashboard/pnpm-lock.yaml",
        "hashed_secret": "fd979750316587a434d421119fe616d5325ac2fb",
        "is_verified": false,
        "line_number": 1388
      },
      {
        "type": "Base64 High Entropy String",
        "filename": "tauri-dashboard/pnpm-lock.yaml",
        "hashed_secret": "4d3093272acc56066bd77a7f5dce4be6423ae322",
        "is_verified": false,
        "line_number": 1392
      },
      {
        "type": "Base64 High Entropy String",
        "filename": "tauri-dashboard/pnpm-lock.yaml",
        "hashed_secret": "f517feec4703cacc2629b34a71b6c4f71dcaaacb",
        "is_verified": false,
        "line_number": 1397
      },
      {
        "type": "Base64 High Entropy String",
        "filename": "tauri-dashboard/pnpm-lock.yaml",
        "hashed_secret": "5888d1b730d17d304b51d9ac433812c153d85b55",
        "is_verified": false,
        "line_number": 1401
      },
      {
        "type": "Base64 High Entropy String",
        "filename": "tauri-dashboard/pnpm-lock.yaml",
        "hashed_secret": "86d0b4bc1c09f61b43db5707b5f8efbaed873e61",
        "is_verified": false,
        "line_number": 1405
      }
    ],
    "tests/integration/test_framework.py": [
      {
        "type": "Secret Keyword",
        "filename": "tests/integration/test_framework.py",
        "hashed_secret": "f8ca0d7266886f4b5be9adddc9b66017b3bf1a4b",
        "is_verified": false,
        "line_number": 102
      }
    ],
    "tests/security/test_security_validation.py": [
      {
        "type": "Secret Keyword",
        "filename": "tests/security/test_security_validation.py",
        "hashed_secret": "159920628cb789601a3ef7859918baa2e9ea7d15",
        "is_verified": false,
        "line_number": 147
      },
      {
        "type": "Secret Keyword",
        "filename": "tests/security/test_security_validation.py",
        "hashed_secret": "8ce3e63d558b8a89b60991a1934e5ca3df4b6822",
        "is_verified": false,
        "line_number": 148
      }
    ]
  },
  "generated_at": "2025-08-14T04:13:27Z"
}
